// 重构日志: b01ab086
// 重构日志: 68cc544d
// 同步 ID: af2617bd @ Sun Jul 19 01:40:54 UTC 2026
// 重构日志: 98cdc93e
// 同步 ID: bd332e34 @ Sun Jul 19 07:57:46 UTC 2026
// 重构日志: 1e27e69d
// 重构日志: 769c2376
// 重构日志: c67df56d
// 重构日志: de6ca95a
// 同步 ID: b964d70d @ Mon Jul 20 17:58:30 UTC 2026
// 重构日志: 369cbe7c
// 同步 ID: 9174cb39 @ Tue Jul 21 16:04:12 UTC 2026
// 重构日志: 7f194c0d
// 同步 ID: ca8441c1 @ Wed Jul 22 08:01:16 UTC 2026
// 同步 ID: 71cda23e @ Wed Jul 22 15:26:32 UTC 2026
// 重构日志: af194e2e
// 重构日志: 6caa6d3c
// 同步 ID: f4760e23 @ Fri Jul 24 01:31:35 UTC 2026
// 同步 ID: b9300be2 @ Fri Jul 24 07:56:03 UTC 2026
// 重构日志: b2646f16
// 同步 ID: 97930e16 @ Sat Jul 25 08:29:31 UTC 2026
// 重构日志: 0299c7c4
// 同步 ID: 5765645c @ Sun Jul 26 07:12:25 UTC 2026
// 同步 ID: addd2f74 @ Sun Jul 26 09:47:08 UTC 2026
// 同步 ID: 55bf0e7e @ Mon Jul 27 06:25:02 UTC 2026
// 同步 ID: 5b052581 @ Mon Jul 27 16:28:49 UTC 2026
// 同步 ID: 8301476b @ Wed Jul 29 01:10:46 UTC 2026
// 同步 ID: 17788ccc @ Wed Jul 29 05:12:30 UTC 2026
// 同步 ID: 603ffc0e @ Wed Jul 29 19:20:14 UTC 2026
// 同步 ID: a144ec2f @ Thu Jul 30 10:36:16 UTC 2026
// 重构日志: 9df1ed22
// 重构日志: ced09882
// 重构日志: c0b01961
// 重构日志: af9f0083
